Microchip MPLAB XC8 Compiler V2.20

Linker command line:

-W-3 --edf=C:\Program Files\Microchip\xc8\v2.20\pic\dat\en_msgs.txt -cn \
  -h+dist/default/production\LCD_Clock2021.X.production.sym \
  --cmf=dist/default/production\LCD_Clock2021.X.production.cmf -z \
  -Q18F26K22 -oC:\Users\ohno\AppData\Local\Temp\sfms.2 \
  --defsym=__MPLAB_BUILD=1 \
  -Mdist/default/production/LCD_Clock2021.X.production.map -E1 \
  -ver=XC8 Compiler -ASTACK=0B9Eh-0F37h -pstack=STACK -ACODE=00h-0FFFFh \
  -ACONST=00h-0FFFFh -ASMALLCONST=01000h-010FFhx240 \
  -AMEDIUMCONST=01000h-0FFFFh -ACOMRAM=01h-05Fh -AABS1=00h-0F37h \
  -ABIGRAM=01h-0F37h -ARAM=060h-0FFh,0100h-01FFhx14,0F00h-0F37h \
  -ABANK0=060h-0FFh -ABANK1=0100h-01FFh -ABANK2=0200h-02FFh \
  -ABANK3=0300h-03FFh -ABANK4=0400h-04FFh -ABANK5=0500h-05FFh \
  -ABANK6=0600h-06FFh -ABANK7=0700h-07FFh -ABANK8=0800h-08FFh \
  -ABANK9=0900h-09FFh -ABANK10=0A00h-0AFFh -ABANK11=0B00h-0BFFh \
  -ABANK12=0C00h-0CFFh -ABANK13=0D00h-0DFFh -ABANK14=0E00h-0EFFh \
  -ABANK15=0F00h-0F37h -ASFR=0F38h-0F5Fh,0F60h-0FFFh \
  -ACONFIG=0300000h-030000Dh -AIDLOC=0200000h-0200007h \
  -preset_vec=00h,intcode=08h,intcodelo,powerup,init -pramtop=01000h \
  -psmallconst=SMALLCONST -pmediumconst=MEDIUMCONST -pconst=CONST \
  -AFARRAM=00h-00h -AEEDATA=0F00000h-0F003FFh -peeprom_data=EEDATA \
  -prdata=COMRAM,nvrram=COMRAM,nvbit=COMRAM,rbss=COMRAM,rbit=COMRAM \
  -pfarbss=FARRAM,fardata=FARRAM,nvFARRAM=FARRAM \
  -pintsave_regs=BIGRAM,bigbss=BIGRAM,bigdata=BIGRAM -pbss=RAM \
  -pidata=CODE,irdata=CODE,ibigdata=CODE,ifardata=CODE -prparam=COMRAM \
  C:\Users\ohno\AppData\Local\Temp\sfms.o \
  dist/default/production\LCD_Clock2021.X.production.o 

Object code version is 3.11

Machine type is 18F26K22



                Name                               Link     Load   Length Selector   Space Scale
C:\Users\ohno\AppData\Local\Temp\sfms.o
                idloc                            200000   200000        8        0       5
                config                           300000   300000        E        0       4
                init                                 9A       9A        4        4       0
                reset_vec                             0        0        4        0       0
dist/default/production\LCD_Clock2021.X.production.o
                intcode                               8        8       92        4       0
                idloc                            200000   200000        8        0       5
                config                           300000   300000        E        0       4
                temp                                 52       52        1        1       1
                mediumconst                        F866     F866      79A     7C33       0
                text294                            F2D2     F2D2       22     7738       0
                text293                            F7EC     F7EC        6     7738       0
                text292                            F860     F860        2     7C2B       0
                text291                            F7E6     F7E6        6     7738       0
                text290                            D4B2     D4B2       98     62FF       0
                text289                            F84E     F84E        4     7738       0
                text288                            F85E     F85E        2     7C2B       0
                text287                            F394     F394       20     7738       0
                text286                            F7C0     F7C0        8     7738       0
                text285                            F746     F746        A     7738       0
                text284                            F84A     F84A        4     7738       0
                text283                            F846     F846        4     7738       0
                text282                            E80A     E80A       4E     62FF       0
                text281                            F85C     F85C        2     7C2B       0
                text280                            F5C8     F5C8       12     7738       0
                text279                            F374     F374       20     7738       0
                text278                            F73C     F73C        A     7738       0
                text277                            F842     F842        4     7738       0
                text276                            F83E     F83E        4     7738       0
                text275                            F66A     F66A       10     7738       0
                text274                            F85A     F85A        2     7C2B       0
                text273                            CD86     CD86       B0     62FF       0
                text272                            F354     F354       20     7738       0
                text271                            F65A     F65A       10     7738       0
                text270                            F858     F858        2     7C2B       0
                text269                            D894     D894       88     62FF       0
                text268                            F446     F446       1C     7738       0
                text267                            EF00     EF00       2E     7738       0
                text266                            EAC6     EAC6       42     62FF       0
                text265                            F7E0     F7E0        6     7738       0
                text264                            F64A     F64A       10     7738       0
                text263                            ADA6     ADA6      15C        4       0
                text262                            F856     F856        2     7C2B       0
                text261                            F334     F334       20     7738       0
                text260                            F3F0     F3F0       1E     7738       0
                text259                            F55A     F55A       14     7738       0
                text257                            F83A     F83A        4     7738       0
                text256                            F836     F836        4     7738       0
                text255                            F63A     F63A       10     7738       0
                text254                            F732     F732        A     7738       0
                text253                            F5B6     F5B6       12     7738       0
                text252                            DDFE     DDFE       70     62FF       0
                text251                            AF02     AF02      14E        4       0
                text250                            F832     F832        4     7738       0
                text249                            F82E     F82E        4     7738       0
                text248                            F82A     F82A        4     7738       0
                text247                            F2B0     F2B0       22     7738       0
                text246                            F826     F826        4     7738       0
                text245                            F822     F822        4     7738       0
                text244                            F81E     F81E        4     7738       0
                text243                            F462     F462       1A     7738       0
                text242                            DE6E     DE6E       6E     62FF       0
                text241                            F4C4     F4C4       18     7738       0
                text240                            F08E     F08E       2C     7738       0
                text239                            F062     F062       2C     7738       0
                text238                            F036     F036       2C     7738       0
                text237                            F00A     F00A       2C     7738       0
                text236                            EB48     EB48       40     62FF       0
                text235                            F81A     F81A        4     7738       0
                text234                            F816     F816        4     7738       0
                text233                            F812     F812        4     7738       0
                text232                            F7DA     F7DA        6     7738       0
                text231                            F80E     F80E        4     7738       0
                text230                            F7D4     F7D4        6     7738       0
                text229                            F7B8     F7B8        8     7738       0
                text228                            F6AE     F6AE        C     7738       0
                text227                            F80A     F80A        4     7738       0
                text226                            E71E     E71E       50     62FF       0
                text225                            F728     F728        A     7738       0
                text224                            F688     F688        E     7738       0
                text223                            F67A     F67A        E     7738       0
                text222                            D782     D782       8A     62FF       0
                text221                            DFB4     DFB4       6C     62FF       0
                text220                            F71E     F71E        A     7738       0
                text219                            F7B0     F7B0        8     7738       0
                text218                            F7A8     F7A8        8     7738       0
                text217                            F7A0     F7A0        8     7738       0
                text216                            F798     F798        8     7738       0
                text215                            F790     F790        8     7738       0
                text214                            F788     F788        8     7738       0
                text213                            F780     F780        8     7738       0
                text212                            F714     F714        A     7738       0
                text211                            EB08     EB08       40     62FF       0
                text210                            E5D4     E5D4       54     62FF       0
                text209                            F7CE     F7CE        6     7738       0
                text208                            F62A     F62A       10     7738       0
                text207                            EFDE     EFDE       2C     7738       0
                text206                            F778     F778        8     7738       0
                text205                            F4AC     F4AC       18     7738       0
                text204                            DAAA     DAAA       84     62FF       0
                text203                            F494     F494       18     7738       0
                text202                            E482     E482       56     62FF       0
                text201                            D03A     D03A       AA     62FF       0
                text200                            DBB0     DBB0       7C     62FF       0
                text199                            F508     F508       16     7738       0
                text198                            ECF2     ECF2       3A     62FF       0
                text197                            F0E4     F0E4       2A     7738       0
                text196                            F314     F314       20     7738       0
                text195                            C6CC     C6CC       CC     62FF       0
                text194                            CF8E     CF8E       AC     62FF       0
                text193                            DD8E     DD8E       70     62FF       0
                text192                            EA84     EA84       42     62FF       0
                text191                            E2C8     E2C8       5C     62FF       0
                text190                            9A32     9A32      210        4       0
                text189                            F1D6     F1D6       28     7738       0
                text188                            E580     E580       54     62FF       0
                text187                            E6CC     E6CC       52     62FF       0
                text186                            F224     F224       26     7738       0
                text185                            EDD2     EDD2       36     62FF       0
                text184                            E42C     E42C       56     62FF       0
                text183                            D232     D232       A6     62FF       0
                text182                            D18C     D18C       A6     62FF       0
                text181                            9C42     9C42      20A        4       0
                text180                            C1CE     C1CE       DE        4       0
                text179                            D0E4     D0E4       A8     62FF       0
                text178                            DC2C     DC2C       78     62FF       0
                text177                            89E8     89E8      282        4       0
                text176                            EED0     EED0       30     7738       0
                text175                            F70A     F70A        A     7738       0
                text174                            F806     F806        4     7738       0
                text173                            F802     F802        4     7738       0
                text172                            E7BC     E7BC       4E     62FF       0
                text171                            D668     D668       8E     62FF       0
                text170                            EEA0     EEA0       30     7738       0
                text169                            F61A     F61A       10     7738       0
                text168                            F1AE     F1AE       28     7738       0
                text167                            C0F0     C0F0       DE        4       0
                text166                            F7FE     F7FE        4     7738       0
                text165                            CEE2     CEE2       AC     62FF       0
                text164                            8728     8728      2C0        4       0
                text163                            CAA8     CAA8       C0     62FF       0
                text162                            E088     E088       66     62FF       0
                text161                            EFB2     EFB2       2C     7738       0
                text160                            E858     E858       4A     62FF       0
                text159                            BF24     BF24       EA        4       0
                text158                            A400     A400      1DC        4       0
                text157                            F47C     F47C       18     7738       0
                text156                            ECB8     ECB8       3A     62FF       0
                text155                            D6F6     D6F6       8C     62FF       0
                text154                            D37C     D37C       9C     62FF       0
                text153                            F28E     F28E       22     7738       0
                text152                            F770     F770        8     7738       0
                text151                            F768     F768        8     7738       0
                text150                            F760     F760        8     7738       0
                text149                            F758     F758        8     7738       0
                text148                            EC7C     EC7C       3C     62FF       0
                text147                            F6A2     F6A2        C     7738       0
                text146                            F696     F696        C     7738       0
                text145                            E37E     E37E       58     62FF       0
                text144                            BC42     BC42       FA        4       0
                text143                            E20E     E20E       5E     62FF       0
                text142                            F26C     F26C       22     7738       0
                text141                            E52C     E52C       54     62FF       0
                text140                            E4D8     E4D8       54     62FF       0
                text139                            EF86     EF86       2C     7738       0
                text138                            F186     F186       28     7738       0
                text137                            8466     8466      2C2        4       0
                text136                            E3D6     E3D6       56     62FF       0
                text135                            F5A4     F5A4       12     7738       0
                text134                            F592     F592       12     7738       0
                text133                            F3D2     F3D2       1E     7738       0
                text132                            DA26     DA26       84     62FF       0
                text131                            9806     9806      22C        4       0
                text130                            C860     C860       C8     62FF       0
                text129                            C798     C798       C8     62FF       0
                text128                            D9A2     D9A2       84     62FF       0
                text127                            9E4C     9E4C      1E8        4       0
                text126                            B94E     B94E      100        4       0
                text125                            D91C     D91C       86     62FF       0
                text124                            A21A     A21A      1E6        4       0
                text123                            DF48     DF48       6C     62FF       0
                text122                            6318     6318      3C0        4       0
                text121                            F3B4     F3B4       1E     7738       0
                text120                            51A0     51A0      492        4       0
                text119                              9E       9E     17C4        4       0
                text118                            7E70     7E70      304        4       0
                text117                            E324     E324       5A     62FF       0
                text116                            CCD4     CCD4       B2     62FF       0
                text115                            781A     781A      338        4       0
                text114                            C00E     C00E       E2        4       0
                text113                            6A62     6A62      380        4       0
                text112                            D54A     D54A       90     62FF       0
                text111                            1862     1862      A72        4       0
                text110                            7B52     7B52      31E        4       0
                text109                            C382     C382       D6        4       0
                text108                            BB48     BB48       FA        4       0
                text107                            B050     B050      138        4       0
                text106                            BD3C     BD3C       F8        4       0
                text105                            E1B0     E1B0       5E     62FF       0
                text104                            EE08     EE08       34     62FF       0
                text103                            5EFA     5EFA      41E        4       0
                text102                            EBC6     EBC6       3E     62FF       0
                text101                            EF5A     EF5A       2C     7738       0
                text100                            74BA     74BA      360        4       0
                text99                             B84C     B84C      102        4       0
                text98                             E8EA     E8EA       48     62FF       0
                text97                             470C     470C      564        4       0
                text96                             B74A     B74A      102        4       0
                text95                             E8A2     E8A2       48     62FF       0
                text94                             A94C     A94C      17A        4       0
                text93                             CE36     CE36       AC     62FF       0
                text92                             F15E     F15E       28     7738       0
                text91                             EA42     EA42       42     62FF       0
                text90                             F546     F546       14     7738       0
                text89                             F136     F136       28     7738       0
                text88                             DEDC     DEDC       6C     62FF       0
                text87                             A034     A034      1E6        4       0
                text86                             F60A     F60A       10     7738       0
                text85                             F7FA     F7FA        4     7738       0
                text84                             F7F6     F7F6        4     7738       0
                text83                             EC40     EC40       3C     62FF       0
                text82                             C9E8     C9E8       C0     62FF       0
                text81                             AC3A     AC3A      16C        4       0
                text80                             EA00     EA00       42     62FF       0
                text79                             DB2E     DB2E       82     62FF       0
                text78                             ED64     ED64       38     62FF       0
                text77                             DD1A     DD1A       74     62FF       0
                text76                             B63E     B63E      10C        4       0
                text75                             E67A     E67A       52     62FF       0
                text74                             3482     3482      6A8        4       0
                text73                             F10E     F10E       28     7738       0
                text72                             BE34     BE34       F0        4       0
                text71                             CB68     CB68       B8     62FF       0
                text70                             22D4     22D4      A12        4       0
                text69                             D2D8     D2D8       A4     62FF       0
                text68                             66D8     66D8      38A        4       0
                text67                             5AB0     5AB0      44A        4       0
                text66                             5632     5632      47E        4       0
                text65                             C928     C928       C0     62FF       0
                text64                             B518     B518      126        4       0
                text63                             7158     7158      362        4       0
                text62                             8174     8174      2F2        4       0
                text61                             BA4E     BA4E       FA        4       0
                text60                             EC04     EC04       3C     62FF       0
                text59                             C5FE     C5FE       CE     62FF       0
                text58                             E76E     E76E       4E     62FF       0
                text57                             E020     E020       68     62FF       0
                text56                             D5DA     D5DA       8E     62FF       0
                text55                             95D0     95D0      236        4       0
                text54                             B2BC     B2BC      132        4       0
                text53                             DCA4     DCA4       76     62FF       0
                text52                             AAC6     AAC6      174        4       0
                text51                             A798     A798      1B4        4       0
                text50                             4184     4184      588        4       0
                text49                             2CE6     2CE6      79C        4       0
                text48                             E26C     E26C       5C     62FF       0
                text47                             F750     F750        8     7738       0
                text46                             EE70     EE70       30     7738       0
                text45                             E9BC     E9BC       44     62FF       0
                text44                             E628     E628       52     62FF       0
                text43                             C2AC     C2AC       D6        4       0
                text42                             ED2C     ED2C       38     62FF       0
                text41                             D80C     D80C       88     62FF       0
                text40                             F1FE     F1FE       26     7738       0
                text39                             E978     E978       44     62FF       0
                text38                             3B2A     3B2A      65A        4       0
                text37                             F4F2     F4F2       16     7738       0
                text36                             F4DC     F4DC       16     7738       0
                text35                             F24A     F24A       22     7738       0
                text34                             F2F4     F2F4       20     7738       0
                text33                             F700     F700        A     7738       0
                text32                             F6F6     F6F6        A     7738       0
                text31                             F6EC     F6EC        A     7738       0
                text30                             F6E2     F6E2        A     7738       0
                text29                             E152     E152       5E     62FF       0
                text28                             F6D8     F6D8        A     7738       0
                text27                             F532     F532       14     7738       0
                text26                             F51E     F51E       14     7738       0
                text25                             F7F2     F7F2        4     7738       0
                text24                             F580     F580       12     7738       0
                text23                             F6CE     F6CE        A     7738       0
                text22                             EB88     EB88       3E     62FF       0
                text21                             F56E     F56E       12     7738       0
                text20                             ED9C     ED9C       36     62FF       0
                text19                             F6C4     F6C4        A     7738       0
                text18                             F0BA     F0BA       2A     7738       0
                text17                             F5FA     F5FA       10     7738       0
                text16                             F42A     F42A       1C     7738       0
                text15                             F6BA     F6BA        A     7738       0
                text14                             EF2E     EF2E       2C     7738       0
                text13                             F5EA     F5EA       10     7738       0
                text12                             E932     E932       46     62FF       0
                text11                             8C6A     8C6A      278        4       0
                text10                             E0EE     E0EE       64     62FF       0
                text9                              A5DC     A5DC      1BC        4       0
                text8                              8EE2     8EE2      25A        4       0
                text7                              4C70     4C70      530        4       0
                text6                              D418     D418       9A     62FF       0
                text5                              F7C8     F7C8        6     7738       0
                text4                              CC20     CC20       B4     62FF       0
                text3                              913C     913C      252        4       0
                text2                              938E     938E      242        4       0
                text1                              B3EE     B3EE      12A        4       0
                text0                              6DE2     6DE2      376        4       0
                cstackCOMRAM                          1        1       45        1       1
                cstackBANK0                          60       60       9F       60       1
                cstackBANK1                         100      100      100      100       1
                cstackBANK2                         200      200       DB      200       1
                cstackBANK3                         3FF      3FF        1      300       1
                bssBIGRAM                           740      740      45E      740       1
                bssBANK7                            700      700       40      700       1
                dataBANK6                           6E1      6E1       1C      600       1
                bssBANK6                            600      600       E1      600       1
                dataBANK5                           500      500       D2      500       1
                bssBANK5                            5D2      5D2       22      500       1
                dataBANK4                           400      400       D3      400       1
                bssBANK4                            4D3      4D3       24      400       1
                dataBANK3                           3CA      3CA       33      300       1
                bssBANK3                            300      300       CA      300       1
                dataBANK2                           2F0      2F0       10      200       1
                bssBANK2                            2DB      2DB       15      200       1
                bssBANK0                             FF       FF        1       60       1
                dataCOMRAM                           4F       4F        3        1       1
                bssCOMRAM                            46       46        9        1       1
                cinit                              B188     B188      134        4       0
                nvBANK3                             3FD      3FD        2      300       1
                idataBANK6                         F40E     F40E       1C     7738       0
                idataBANK5                         C52B     C52B       D2        4       0
                idataBANK4                         C458     C458       D3        4       0
                idataBANK3                         EE3C     EE3C       33     62FF       0
                idataBANK2                         F5DA     F5DA       10     7738       0
                idataCOMRAM                        F852     F852        3     7738       0

TOTAL           Name                               Link     Load   Length     Space
        CLASS   STACK          

        CLASS   CODE           
                intcode                               8        8       92         0
                init                                 9A       9A        4         0
                reset_vec                             0        0        4         0
                text294                            F2D2     F2D2       22         0
                text293                            F7EC     F7EC        6         0
                text292                            F860     F860        2         0
                text291                            F7E6     F7E6        6         0
                text290                            D4B2     D4B2       98         0
                text289                            F84E     F84E        4         0
                text288                            F85E     F85E        2         0
                text287                            F394     F394       20         0
                text286                            F7C0     F7C0        8         0
                text285                            F746     F746        A         0
                text284                            F84A     F84A        4         0
                text283                            F846     F846        4         0
                text282                            E80A     E80A       4E         0
                text281                            F85C     F85C        2         0
                text280                            F5C8     F5C8       12         0
                text279                            F374     F374       20         0
                text278                            F73C     F73C        A         0
                text277                            F842     F842        4         0
                text276                            F83E     F83E        4         0
                text275                            F66A     F66A       10         0
                text274                            F85A     F85A        2         0
                text273                            CD86     CD86       B0         0
                text272                            F354     F354       20         0
                text271                            F65A     F65A       10         0
                text270                            F858     F858        2         0
                text269                            D894     D894       88         0
                text268                            F446     F446       1C         0
                text267                            EF00     EF00       2E         0
                text266                            EAC6     EAC6       42         0
                text265                            F7E0     F7E0        6         0
                text264                            F64A     F64A       10         0
                text263                            ADA6     ADA6      15C         0
                text262                            F856     F856        2         0
                text261                            F334     F334       20         0
                text260                            F3F0     F3F0       1E         0
                text259                            F55A     F55A       14         0
                text257                            F83A     F83A        4         0
                text256                            F836     F836        4         0
                text255                            F63A     F63A       10         0
                text254                            F732     F732        A         0
                text253                            F5B6     F5B6       12         0
                text252                            DDFE     DDFE       70         0
                text251                            AF02     AF02      14E         0
                text250                            F832     F832        4         0
                text249                            F82E     F82E        4         0
                text248                            F82A     F82A        4         0
                text247                            F2B0     F2B0       22         0
                text246                            F826     F826        4         0
                text245                            F822     F822        4         0
                text244                            F81E     F81E        4         0
                text243                            F462     F462       1A         0
                text242                            DE6E     DE6E       6E         0
                text241                            F4C4     F4C4       18         0
                text240                            F08E     F08E       2C         0
                text239                            F062     F062       2C         0
                text238                            F036     F036       2C         0
                text237                            F00A     F00A       2C         0
                text236                            EB48     EB48       40         0
                text235                            F81A     F81A        4         0
                text234                            F816     F816        4         0
                text233                            F812     F812        4         0
                text232                            F7DA     F7DA        6         0
                text231                            F80E     F80E        4         0
                text230                            F7D4     F7D4        6         0
                text229                            F7B8     F7B8        8         0
                text228                            F6AE     F6AE        C         0
                text227                            F80A     F80A        4         0
                text226                            E71E     E71E       50         0
                text225                            F728     F728        A         0
                text224                            F688     F688        E         0
                text223                            F67A     F67A        E         0
                text222                            D782     D782       8A         0
                text221                            DFB4     DFB4       6C         0
                text220                            F71E     F71E        A         0
                text219                            F7B0     F7B0        8         0
                text218                            F7A8     F7A8        8         0
                text217                            F7A0     F7A0        8         0
                text216                            F798     F798        8         0
                text215                            F790     F790        8         0
                text214                            F788     F788        8         0
                text213                            F780     F780        8         0
                text212                            F714     F714        A         0
                text211                            EB08     EB08       40         0
                text210                            E5D4     E5D4       54         0
                text209                            F7CE     F7CE        6         0
                text208                            F62A     F62A       10         0
                text207                            EFDE     EFDE       2C         0
                text206                            F778     F778        8         0
                text205                            F4AC     F4AC       18         0
                text204                            DAAA     DAAA       84         0
                text203                            F494     F494       18         0
                text202                            E482     E482       56         0
                text201                            D03A     D03A       AA         0
                text200                            DBB0     DBB0       7C         0
                text199                            F508     F508       16         0
                text198                            ECF2     ECF2       3A         0
                text197                            F0E4     F0E4       2A         0
                text196                            F314     F314       20         0
                text195                            C6CC     C6CC       CC         0
                text194                            CF8E     CF8E       AC         0
                text193                            DD8E     DD8E       70         0
                text192                            EA84     EA84       42         0
                text191                            E2C8     E2C8       5C         0
                text190                            9A32     9A32      210         0
                text189                            F1D6     F1D6       28         0
                text188                            E580     E580       54         0
                text187                            E6CC     E6CC       52         0
                text186                            F224     F224       26         0
                text185                            EDD2     EDD2       36         0
                text184                            E42C     E42C       56         0
                text183                            D232     D232       A6         0
                text182                            D18C     D18C       A6         0
                text181                            9C42     9C42      20A         0
                text180                            C1CE     C1CE       DE         0
                text179                            D0E4     D0E4       A8         0
                text178                            DC2C     DC2C       78         0
                text177                            89E8     89E8      282         0
                text176                            EED0     EED0       30         0
                text175                            F70A     F70A        A         0
                text174                            F806     F806        4         0
                text173                            F802     F802        4         0
                text172                            E7BC     E7BC       4E         0
                text171                            D668     D668       8E         0
                text170                            EEA0     EEA0       30         0
                text169                            F61A     F61A       10         0
                text168                            F1AE     F1AE       28         0
                text167                            C0F0     C0F0       DE         0
                text166                            F7FE     F7FE        4         0
                text165                            CEE2     CEE2       AC         0
                text164                            8728     8728      2C0         0
                text163                            CAA8     CAA8       C0         0
                text162                            E088     E088       66         0
                text161                            EFB2     EFB2       2C         0
                text160                            E858     E858       4A         0
                text159                            BF24     BF24       EA         0
                text158                            A400     A400      1DC         0
                text157                            F47C     F47C       18         0
                text156                            ECB8     ECB8       3A         0
                text155                            D6F6     D6F6       8C         0
                text154                            D37C     D37C       9C         0
                text153                            F28E     F28E       22         0
                text152                            F770     F770        8         0
                text151                            F768     F768        8         0
                text150                            F760     F760        8         0
                text149                            F758     F758        8         0
                text148                            EC7C     EC7C       3C         0
                text147                            F6A2     F6A2        C         0
                text146                            F696     F696        C         0
                text145                            E37E     E37E       58         0
                text144                            BC42     BC42       FA         0
                text143                            E20E     E20E       5E         0
                text142                            F26C     F26C       22         0
                text141                            E52C     E52C       54         0
                text140                            E4D8     E4D8       54         0
                text139                            EF86     EF86       2C         0
                text138                            F186     F186       28         0
                text137                            8466     8466      2C2         0
                text136                            E3D6     E3D6       56         0
                text135                            F5A4     F5A4       12         0
                text134                            F592     F592       12         0
                text133                            F3D2     F3D2       1E         0
                text132                            DA26     DA26       84         0
                text131                            9806     9806      22C         0
                text130                            C860     C860       C8         0
                text129                            C798     C798       C8         0
                text128                            D9A2     D9A2       84         0
                text127                            9E4C     9E4C      1E8         0
                text126                            B94E     B94E      100         0
                text125                            D91C     D91C       86         0
                text124                            A21A     A21A      1E6         0
                text123                            DF48     DF48       6C         0
                text122                            6318     6318      3C0         0
                text121                            F3B4     F3B4       1E         0
                text120                            51A0     51A0      492         0
                text119                              9E       9E     17C4         0
                text118                            7E70     7E70      304         0
                text117                            E324     E324       5A         0
                text116                            CCD4     CCD4       B2         0
                text115                            781A     781A      338         0
                text114                            C00E     C00E       E2         0
                text113                            6A62     6A62      380         0
                text112                            D54A     D54A       90         0
                text111                            1862     1862      A72         0
                text110                            7B52     7B52      31E         0
                text109                            C382     C382       D6         0
                text108                            BB48     BB48       FA         0
                text107                            B050     B050      138         0
                text106                            BD3C     BD3C       F8         0
                text105                            E1B0     E1B0       5E         0
                text104                            EE08     EE08       34         0
                text103                            5EFA     5EFA      41E         0
                text102                            EBC6     EBC6       3E         0
                text101                            EF5A     EF5A       2C         0
                text100                            74BA     74BA      360         0
                text99                             B84C     B84C      102         0
                text98                             E8EA     E8EA       48         0
                text97                             470C     470C      564         0
                text96                             B74A     B74A      102         0
                text95                             E8A2     E8A2       48         0
                text94                             A94C     A94C      17A         0
                text93                             CE36     CE36       AC         0
                text92                             F15E     F15E       28         0
                text91                             EA42     EA42       42         0
                text90                             F546     F546       14         0
                text89                             F136     F136       28         0
                text88                             DEDC     DEDC       6C         0
                text87                             A034     A034      1E6         0
                text86                             F60A     F60A       10         0
                text85                             F7FA     F7FA        4         0
                text84                             F7F6     F7F6        4         0
                text83                             EC40     EC40       3C         0
                text82                             C9E8     C9E8       C0         0
                text81                             AC3A     AC3A      16C         0
                text80                             EA00     EA00       42         0
                text79                             DB2E     DB2E       82         0
                text78                             ED64     ED64       38         0
                text77                             DD1A     DD1A       74         0
                text76                             B63E     B63E      10C         0
                text75                             E67A     E67A       52         0
                text74                             3482     3482      6A8         0
                text73                             F10E     F10E       28         0
                text72                             BE34     BE34       F0         0
                text71                             CB68     CB68       B8         0
                text70                             22D4     22D4      A12         0
                text69                             D2D8     D2D8       A4         0
                text68                             66D8     66D8      38A         0
                text67                             5AB0     5AB0      44A         0
                text66                             5632     5632      47E         0
                text65                             C928     C928       C0         0
                text64                             B518     B518      126         0
                text63                             7158     7158      362         0
                text62                             8174     8174      2F2         0
                text61                             BA4E     BA4E       FA         0
                text60                             EC04     EC04       3C         0
                text59                             C5FE     C5FE       CE         0
                text58                             E76E     E76E       4E         0
                text57                             E020     E020       68         0
                text56                             D5DA     D5DA       8E         0
                text55                             95D0     95D0      236         0
                text54                             B2BC     B2BC      132         0
                text53                             DCA4     DCA4       76         0
                text52                             AAC6     AAC6      174         0
                text51                             A798     A798      1B4         0
                text50                             4184     4184      588         0
                text49                             2CE6     2CE6      79C         0
                text48                             E26C     E26C       5C         0
                text47                             F750     F750        8         0
                text46                             EE70     EE70       30         0
                text45                             E9BC     E9BC       44         0
                text44                             E628     E628       52         0
                text43                             C2AC     C2AC       D6         0
                text42                             ED2C     ED2C       38         0
                text41                             D80C     D80C       88         0
                text40                             F1FE     F1FE       26         0
                text39                             E978     E978       44         0
                text38                             3B2A     3B2A      65A         0
                text37                             F4F2     F4F2       16         0
                text36                             F4DC     F4DC       16         0
                text35                             F24A     F24A       22         0
                text34                             F2F4     F2F4       20         0
                text33                             F700     F700        A         0
                text32                             F6F6     F6F6        A         0
                text31                             F6EC     F6EC        A         0
                text30                             F6E2     F6E2        A         0
                text29                             E152     E152       5E         0
                text28                             F6D8     F6D8        A         0
                text27                             F532     F532       14         0
                text26                             F51E     F51E       14         0
                text25                             F7F2     F7F2        4         0
                text24                             F580     F580       12         0
                text23                             F6CE     F6CE        A         0
                text22                             EB88     EB88       3E         0
                text21                             F56E     F56E       12         0
                text20                             ED9C     ED9C       36         0
                text19                             F6C4     F6C4        A         0
                text18                             F0BA     F0BA       2A         0
                text17                             F5FA     F5FA       10         0
                text16                             F42A     F42A       1C         0
                text15                             F6BA     F6BA        A         0
                text14                             EF2E     EF2E       2C         0
                text13                             F5EA     F5EA       10         0
                text12                             E932     E932       46         0
                text11                             8C6A     8C6A      278         0
                text10                             E0EE     E0EE       64         0
                text9                              A5DC     A5DC      1BC         0
                text8                              8EE2     8EE2      25A         0
                text7                              4C70     4C70      530         0
                text6                              D418     D418       9A         0
                text5                              F7C8     F7C8        6         0
                text4                              CC20     CC20       B4         0
                text3                              913C     913C      252         0
                text2                              938E     938E      242         0
                text1                              B3EE     B3EE      12A         0
                text0                              6DE2     6DE2      376         0
                cinit                              B188     B188      134         0
                idataBANK6                         F40E     F40E       1C         0
                idataBANK5                         C52B     C52B       D2         0
                idataBANK4                         C458     C458       D3         0
                idataBANK3                         EE3C     EE3C       33         0
                idataBANK2                         F5DA     F5DA       10         0
                idataCOMRAM                        F852     F852        3         0

        CLASS   CONST          

        CLASS   SMALLCONST     

        CLASS   MEDIUMCONST    
                mediumconst                        F866     F866      79A         0

        CLASS   COMRAM         
                temp                                 52       52        1         1
                cstackCOMRAM                          1        1       45         1
                dataCOMRAM                           4F       4F        3         1
                bssCOMRAM                            46       46        9         1

        CLASS   ABS1           

        CLASS   BIGRAM         
                bssBIGRAM                           740      740      45E         1

        CLASS   RAM            

        CLASS   BANK0          
                cstackBANK0                          60       60       9F         1
                bssBANK0                             FF       FF        1         1

        CLASS   BANK1          
                cstackBANK1                         100      100      100         1

        CLASS   BANK2          
                cstackBANK2                         200      200       DB         1
                dataBANK2                           2F0      2F0       10         1
                bssBANK2                            2DB      2DB       15         1

        CLASS   BANK3          
                cstackBANK3                         3FF      3FF        1         1
                dataBANK3                           3CA      3CA       33         1
                bssBANK3                            300      300       CA         1
                nvBANK3                             3FD      3FD        2         1

        CLASS   BANK4          
                dataBANK4                           400      400       D3         1
                bssBANK4                            4D3      4D3       24         1

        CLASS   BANK5          
                dataBANK5                           500      500       D2         1
                bssBANK5                            5D2      5D2       22         1

        CLASS   BANK6          
                dataBANK6                           6E1      6E1       1C         1
                bssBANK6                            600      600       E1         1

        CLASS   BANK7          
                bssBANK7                            700      700       40         1

        CLASS   BANK8          

        CLASS   BANK9          

        CLASS   BANK10         

        CLASS   BANK11         

        CLASS   BANK12         

        CLASS   BANK13         

        CLASS   BANK14         

        CLASS   BANK15         

        CLASS   SFR            

        CLASS   CONFIG         
                config                           300000   300000        E         4

        CLASS   IDLOC          
                idloc                            200000   200000        8         5

        CLASS   FARRAM         

        CLASS   EEDATA         



SEGMENTS        Name                           Load    Length   Top    Selector   Space  Class

                reset_vec                      000000  000004  000004         0       0  CODE    
                cstackCOMRAM                   000001  000052  000053         1       1  COMRAM  
                intcode                        000008  00C5F5  00C5FD         4       0  CODE    
                cstackBANK0                    000060  0000A0  000100        60       1  BANK0   
                cstackBANK1                    000100  000100  000200       100       1  BANK1   
                cstackBANK2                    000200  000100  000300       200       1  BANK2   
                bssBANK3                       000300  000100  000400       300       1  BANK3   
                dataBANK4                      000400  0000F7  0004F7       400       1  BANK4   
                dataBANK5                      000500  0000F4  0005F4       500       1  BANK5   
                bssBANK6                       000600  0000FD  0006FD       600       1  BANK6   
                bssBANK7                       000700  000040  000740       700       1  BANK7   
                bssBIGRAM                      000740  00045E  000B9E       740       1  BIGRAM  
                text59                         00C5FE  002871  00EE6F      62FF       0  CODE    
                text46                         00EE70  0009E5  00F855      7738       0  CODE    
                text262                        00F856  00000C  00F862      7C2B       0  CODE    
                mediumconst                    00F866  00079A  010000      7C33       0  MEDIUMCO


UNUSED ADDRESS RANGES

        Name                Unused          Largest block    Delta
        BANK11           000B9E-000BFF               62
        BANK12           000C00-000CFF              100
        BANK13           000D00-000DFF              100
        BANK14           000E00-000EFF              100
        BANK15           000F00-000F37               38
        BANK4            0004F7-0004FF                9
        BANK5            0005F4-0005FF                C
        BANK6            0006FD-0006FF                3
        BIGRAM           000053-00005F                D
                         0004F7-0004FF                9
                         0005F4-0005FF                C
                         0006FD-0006FF                3
                         000B9E-000F37              39A
        CODE             000004-000007                4
                         00C5FD-00C5FD                1
                         00EE6F-00EE6F                1
                         00F855-00F855                1
                         00F862-00F865                4
        COMRAM           000053-00005F                D
        CONST            000004-000007                4
                         00C5FD-00C5FD                1
                         00EE6F-00EE6F                1
                         00F855-00F855                1
                         00F862-00F865                4
        EEDATA           F00000-F003FF              400
        MEDIUMCONST      00C5FD-00C5FD                1
                         00EE6F-00EE6F                1
                         00F855-00F855                1
                         00F862-00F865                4
        RAM              0004F7-0004FF                9
                         0005F4-0005FF                C
                         0006FD-0006FF                3
                         000B9E-000F37              100
        SFR              000F38-000FFF               28
        SMALLCONST       00C5FD-00C5FD                1
                         00EE6F-00EE6F                1
                         00F855-00F855                1
                         00F862-00F865                4
        STACK            000B9E-000F37              39A

                                  Symbol Table

?_ADC_GetConversion                             cstackCOMRAM 00000E
?_SD_SendCmd                                    cstackCOMRAM 000015
?___aldiv                                       cstackCOMRAM 00001A
?___almod                                       cstackCOMRAM 00000E
?___awdiv                                       cstackCOMRAM 00000E
?___awmod                                       cstackCOMRAM 00000E
?___lldiv                                       cstackCOMRAM 00000E
?___lmul                                        cstackCOMRAM 00000E
?___lwdiv                                       cstackCOMRAM 000023
?___lwmod                                       cstackCOMRAM 00000E
?___wmul                                        cstackCOMRAM 00001D
?_chk_chr                                       cstackCOMRAM 00000E
?_clst2sect                                     cstackCOMRAM 00001A
?_cosd                                          cstackCOMRAM 00001B
?_crc16                                         cstackCOMRAM 00000E
?_create_chain                                  cstackBANK0  0000B8
?_dbc_1st                                       cstackCOMRAM 00000E
?_dbc_2nd                                       cstackCOMRAM 00000E
?_decimalToFatTime                              cstackCOMRAM 000010
?_dylen                                         cstackCOMRAM 000013
?_get_fat                                       cstackBANK0  000097
?_get_fattime                                   cstackCOMRAM 00001F
?_get_ldnumber                                  cstackCOMRAM 00000E
?_gmtime                                        cstackCOMRAM 000028
?_isleap                                        cstackCOMRAM 000013
?_ld_clust                                      cstackCOMRAM 000015
?_ld_dword                                      cstackCOMRAM 00000E
?_ld_word                                       cstackCOMRAM 00000E
?_localtime                                     cstackCOMRAM 000031
?_mem_cmp                                       cstackCOMRAM 00000E
?_mktime                                        cstackBANK0  000060
?_months_to_days                                cstackCOMRAM 00002A
?_sind                                          cstackCOMRAM 000013
?_sprintf                                       cstackCOMRAM 00002A
?_strchr                                        cstackCOMRAM 00000E
?_strlen                                        cstackCOMRAM 00000E
?_strncmp                                       cstackCOMRAM 00000E
?_years_to_days                                 cstackCOMRAM 00002A
?_ymd_to_scalar                                 cstackCOMRAM 000034
ADC_GetConversion@channel                       cstackCOMRAM 000012
AlarmSoundOn@sn                                 cstackCOMRAM 000010
Bcd2Hex@x                                       cstackCOMRAM 00000F
ButtonCheck@jj                                  cstackBANK0  0000BD
ButtonCheck@kk                                  cstackBANK0  0000BC
ButtonCheck@mode                                cstackBANK0  0000BB
ButtonCheck@x                                   cstackBANK0  0000B7
ButtonCheck@y                                   cstackBANK0  0000B9
ButtonPush@btn                                  cstackCOMRAM 000012
ButtonPush@x                                    cstackCOMRAM 00000E
ButtonPush@xx                                   cstackCOMRAM 000015
ButtonPush@y                                    cstackCOMRAM 000010
ButtonPush@yy                                   cstackCOMRAM 000017
CheckCheckSum@buf                               cstackCOMRAM 000014
CheckCheckSum@checksum                          cstackCOMRAM 000024
CheckCheckSum@end                               cstackCOMRAM 000027
CheckCheckSum@start                             cstackCOMRAM 000025
DATAEE_ReadByte@bAdd                            cstackCOMRAM 00000E
DATAEE_WriteByte@GIEBitValue                    cstackCOMRAM 000011
DATAEE_WriteByte@bAdd                           cstackCOMRAM 00000E
DATAEE_WriteByte@bData                          cstackCOMRAM 000010
DispTime@color                                  cstackBANK0  0000A5
DispTime@datetime                               cstackBANK0  00009E
DispTime@endpoint                               cstackBANK0  0000AB
DispTime@jj                                     cstackBANK0  0000B1
DispTime@mode                                   cstackBANK0  0000AC
DispTime@size                                   cstackBANK0  0000A4
DispTime@x                                      cstackBANK0  0000A0
DispTime@xd                                     cstackBANK0  0000AF
DispTime@y                                      cstackBANK0  0000A2
DispTime@yd                                     cstackBANK0  0000AD
Dispseg@F6512                                   mediumconst  00FAB9
Dispseg@color                                   cstackCOMRAM 00003D
Dispseg@num                                     cstackCOMRAM 00003B
Dispseg@pattern                                 cstackBANK0  000088
Dispseg@size                                    cstackCOMRAM 00003C
Dispseg@x                                       cstackCOMRAM 000037
Dispseg@x0                                      cstackBANK0  000094
Dispseg@x1                                      cstackBANK0  00009A
Dispseg@x2                                      cstackBANK0  000092
Dispseg@y                                       cstackCOMRAM 000039
Dispseg@y0                                      cstackBANK0  000096
Dispseg@y1                                      cstackBANK0  00009C
Dispseg@y2                                      cstackBANK0  000098
Draw3month@mm                                   cstackBANK0  0000B0
Draw3month@mode                                 cstackBANK0  0000AD
Draw3month@startmonth                           cstackBANK0  0000AC
Draw3month@startyear                            cstackBANK0  0000AE
Draw3month@yy                                   cstackBANK0  0000AF
DrawAnalogClock@acolor                          cstackBANK1  000182
DrawAnalogClock@angle                           cstackBANK1  000190
DrawAnalogClock@cax                             cstackBANK1  000100
DrawAnalogClock@cay                             cstackBANK1  00010A
DrawAnalogClock@chx                             cstackBANK1  00013C
DrawAnalogClock@chy                             cstackBANK1  000146
DrawAnalogClock@cmx                             cstackBANK1  000128
DrawAnalogClock@cmy                             cstackBANK1  000132
DrawAnalogClock@color                           cstackBANK0  00008F
DrawAnalogClock@csx                             cstackBANK1  000114
DrawAnalogClock@csy                             cstackBANK1  00011E
DrawAnalogClock@datetime                        cstackBANK0  000088
DrawAnalogClock@hcolor                          cstackBANK1  000177
DrawAnalogClock@hh                              cstackBANK1  000184
DrawAnalogClock@jj                              cstackBANK1  000192
DrawAnalogClock@kk                              cstackBANK1  00017C
DrawAnalogClock@mcolor                          cstackBANK1  000179
DrawAnalogClock@minupdate                       cstackBANK1  000150
DrawAnalogClock@mm                              cstackBANK1  000187
DrawAnalogClock@pax                             bssBANK3     000317
DrawAnalogClock@pay                             bssBANK3     00030D
DrawAnalogClock@phx                             bssBANK3     000353
DrawAnalogClock@phy                             bssBANK3     000349
DrawAnalogClock@pmx                             bssBANK3     00033F
DrawAnalogClock@pmy                             bssBANK3     000335
DrawAnalogClock@psx                             bssBANK3     00032B
DrawAnalogClock@psy                             bssBANK3     000321
DrawAnalogClock@rc                              cstackBANK1  000188
DrawAnalogClock@rc1                             cstackBANK1  00018A
DrawAnalogClock@rc2                             cstackBANK1  00016D
DrawAnalogClock@rca                             cstackBANK1  00016B
DrawAnalogClock@rch                             cstackBANK1  000169
DrawAnalogClock@rch2                            cstackBANK1  000173
DrawAnalogClock@rch3                            cstackBANK1  000175
DrawAnalogClock@rcm                             cstackBANK1  000167
DrawAnalogClock@rcm2                            cstackBANK1  00016F
DrawAnalogClock@rcm3                            cstackBANK1  000171
DrawAnalogClock@rcs                             cstackBANK1  000165
DrawAnalogClock@rcs2                            cstackBANK1  000185
DrawAnalogClock@scolor                          cstackBANK1  000180
DrawAnalogClock@size                            cstackBANK0  00008E
DrawAnalogClock@ss                              cstackBANK1  00017B
DrawAnalogClock@str                             cstackBANK1  00017D
DrawAnalogClock@x                               cstackBANK1  000151
DrawAnalogClock@xc                              cstackBANK1  00018C
DrawAnalogClock@xx                              cstackBANK0  00008A
DrawAnalogClock@y                               cstackBANK1  00015B
DrawAnalogClock@yc                              cstackBANK1  00018E
DrawAnalogClock@yy                              cstackBANK0  00008C
DrawBigCalendar@backColor                       cstackBANK0  0000A4
DrawBigCalendar@color                           cstackBANK0  0000A2
DrawBigCalendar@dd                              cstackBANK0  0000A0
DrawBigCalendar@fonth                           cstackBANK0  00009A
DrawBigCalendar@fontw                           cstackBANK0  0000A8
DrawBigCalendar@jj                              cstackBANK0  0000AB
DrawBigCalendar@kk                              cstackBANK0  00009B
DrawBigCalendar@maxdays                         cstackBANK0  000094
DrawBigCalendar@mm                              cstackBANK0  00009D
DrawBigCalendar@month                           cstackBANK0  000089
DrawBigCalendar@space                           cstackBANK0  00009F
DrawBigCalendar@startday                        cstackBANK0  0000A1
DrawBigCalendar@str                             cstackBANK0  000095
DrawBigCalendar@wd                              cstackBANK0  000093
DrawBigCalendar@xs                              cstackBANK0  00008A
DrawBigCalendar@xx                              cstackBANK0  0000A9
DrawBigCalendar@year                            cstackBANK0  000092
DrawBigCalendar@ypitch                          cstackBANK0  00009E
DrawBigCalendar@yr                              cstackBANK0  00009C
DrawBigCalendar@ys                              cstackBANK0  00008C
DrawBigCalendar@yy                              cstackBANK0  0000A6
DrawSetBox@color                                cstackBANK1  0001F7
DrawSetBox@mode                                 cstackBANK1  0001F9
DrawSetBox@str                                  cstackBANK1  000193
DrawSmallCalendar@backColor                     cstackBANK0  0000A4
DrawSmallCalendar@color                         cstackBANK0  0000A2
DrawSmallCalendar@dd                            cstackBANK0  0000A0
DrawSmallCalendar@fontw                         cstackBANK0  0000A6
DrawSmallCalendar@jj                            cstackBANK0  0000AB
DrawSmallCalendar@kk                            cstackBANK0  00009C
DrawSmallCalendar@maxdays                       cstackBANK0  000095
DrawSmallCalendar@mm                            cstackBANK0  00009E
DrawSmallCalendar@month                         cstackBANK0  000089
DrawSmallCalendar@startday                      cstackBANK0  0000A1
DrawSmallCalendar@str                           cstackBANK0  000097
DrawSmallCalendar@thismonth                     cstackBANK0  000096
DrawSmallCalendar@wd                            cstackBANK0  000094
DrawSmallCalendar@xs                            cstackBANK0  00008A
DrawSmallCalendar@xx                            cstackBANK0  0000A9
DrawSmallCalendar@year                          cstackBANK0  000092
DrawSmallCalendar@ypitch                        cstackBANK0  00009F
DrawSmallCalendar@yr                            cstackBANK0  00009D
DrawSmallCalendar@ys                            cstackBANK0  00008C
DrawSmallCalendar@yy                            cstackBANK0  0000A7
EPWM1_LoadDutyValue@dutyValue                   cstackCOMRAM 00000E
EUSART1_Read@readValue                          cstackCOMRAM 000001
EUSART1_SetErrorHandler@interruptHandler        cstackCOMRAM 00000E
EUSART1_SetFramingErrorHandler@interruptHandler cstackCOMRAM 00000E
EUSART1_SetOverrunErrorHandler@interruptHandler cstackCOMRAM 00000E
EUSART1_SetRxInterruptHandler@interruptHandler  cstackCOMRAM 00000E
GPRMCdatacheck@hh                               cstackBANK0  000095
GPRMCdatacheck@jj                               cstackBANK0  000094
GPRMCdatacheck@p                                cstackBANK0  000096
GetTouchLocation@avg                            cstackBANK0  0000AA
GetTouchLocation@diff                           cstackBANK0  0000A6
GetTouchLocation@jj                             cstackBANK0  0000AC
GetTouchLocation@num                            cstackBANK0  0000A8
GetTouchLocation@overrange                      cstackBANK0  0000A0
GetTouchLocation@oversampling                   cstackBANK0  0000A9
GetTouchLocation@sample_sumX                    cstackBANK0  0000A2
GetTouchLocation@sample_sumY                    cstackBANK0  0000A4
GetTouchLocation@samplesX                       cstackBANK0  000060
GetTouchLocation@samplesY                       cstackBANK0  000080
GetTouchLocation@tx                             cstackCOMRAM 00002A
GetTouchLocation@ty                             cstackCOMRAM 00002C
GetTouchRawXY@data                              cstackCOMRAM 000018
GetTouchRawXY@tx                                cstackCOMRAM 000013
GetTouchRawXY@ty                                cstackCOMRAM 000014
Hex2Bcd@x                                       cstackCOMRAM 000013
I2C2_CallbackReturnReset@funPtr                 cstackCOMRAM 000017
I2C2_Close@returnValue                          cstackCOMRAM 00000E
I2C2_MasterOperation@read                       cstackCOMRAM 00001D
[...]
		_fillRect      		CODE           	E20E	0000	95
		_display_drawRect		CODE           	CCD4	0000	179
		_lcd_set_cursor_x		CODE           	E52C	0000	85
		_lcd_set_cursor_y		CODE           	E4D8	0000	85
		_lcd_set_cursor		CODE           	EF86	0000	45
		_glcd_init     		CODE           	938E	0000	579
		_glcd_init2    		CODE           	ED2C	0000	57
		_display_drawChars		CODE           	DA26	0000	133
		_display_setCursor		CODE           	F5A4	0000	19
		_write_command 		CODE           	F6A2	0000	13
		_display_fillCircle		CODE           	DF48	0000	109
		_display_drawCircle		CODE           	9806	0000	557
		_addset        		CODE           	E37E	0000	89
		_display_SetFont		CODE           	E324	0000	91
		_drawHLine     		CODE           	C860	0000	201
		_lcd_fill      		CODE           	D80C	0000	137
		_lcd_fill_rect 		CODE           	BC42	0000	251
		_display_fillCircleHelper		CODE           	A21A	0000	487
		_display_drawCircleHelper		CODE           	A5DC	0000	445
		_display_fillTriangle		CODE           	6318	0000	961
		_display_drawTriangle		CODE           	D91C	0000	135
		_display_drawRoundRect		CODE           	8EE2	0000	603

LCD320x240color.c estimated size: 7236

mcc_generated_files/tmr6.c
		_TMR6_Initialize		CODE           	F5EA	0000	17

mcc_generated_files/tmr6.c estimated size: 17

mcc_generated_files/fatfs/ff.c
		_clst2sect     		CODE           	C928	0000	193
		_mem_cpy       		CODE           	EC04	0000	61
		_find_volume   		CODE           	22D4	0000	2579
		_dir_clear     		CODE           	B518	0000	295
		_ld_dword      		CODE           	CB68	0000	185
		_remove_chain  		CODE           	A798	0000	437
		_f_mount       		CODE           	D2D8	0000	165
		_get_fat       		CODE           	66D8	0000	907
		_st_word       		CODE           	F15E	0000	41
		_get_ldnumber  		CODE           	BE34	0000	241
		_st_clust      		CODE           	EA42	0000	67
		_create_name   		CODE           	95D0	0000	567
		_chk_chr       		CODE           	E76E	0000	79
		_create_chain  		CODE           	5632	0000	1151
		_dbc_1st       		CODE           	E020	0000	105
		_validate      		CODE           	C9E8	0000	193
		_check_fs      		CODE           	B63E	0000	269
		_f_sync        		CODE           	AC3A	0000	365
		_st_dword      		CODE           	DEDC	0000	109
		_f_write       		CODE           	2CE6	0000	1949
		_mem_set       		CODE           	F136	0000	41
		_dir_alloc     		CODE           	BA4E	0000	251
		_put_fat       		CODE           	5AB0	0000	1099
		_sync_fs       		CODE           	A034	0000	487
		_dir_next      		CODE           	7158	0000	867
		_sync_window   		CODE           	A94C	0000	379
		_dir_register  		CODE           	C5FE	0000	207
		_ld_word       		CODE           	ED64	0000	57
		_dir_find      		CODE           	B2BC	0000	307
		_f_open        		CODE           	4184	0000	1417
		_mem_cmp       		CODE           	DD1A	0000	117
		_f_close       		CODE           	EA00	0000	67
		_dir_sdi       		CODE           	8174	0000	755
		_follow_path   		CODE           	AAC6	0000	373
		_dbc_2nd       		CODE           	D5DA	0000	143
		_ld_clust      		CODE           	DCA4	0000	119
		_move_window   		CODE           	CE36	0000	173

mcc_generated_files/fatfs/ff.c estimated size: 16817

C:\Program Files\Microchip\xc8\v2.20\pic\sources\c90\common\__lldiv.c
		___lldiv       		CODE           	DB2E	0000	131

C:\Program Files\Microchip\xc8\v2.20\pic\sources\c90\common\__lldiv.c estimated size: 131

mcc_generated_files/tmr2.c
		_TMR2_Initialize		CODE           	F5FA	0000	17
		_TMR2_StopTimer		CODE           	F836	0000	5
		_TMR2_StartTimer		CODE           	F802	0000	5

mcc_generated_files/tmr2.c estimated size: 27

C:\Program Files\Microchip\xc8\v2.20\pic\sources\c90\common\mktime.c
		_mktime        		CODE           	9C42	0000	523
		_isleap        		CODE           	E580	0000	85
		_months_to_days		CODE           	EDD2	0000	55
		_ymd_to_scalar 		CODE           	D18C	0000	167
		_years_to_days 		CODE           	D232	0000	167

C:\Program Files\Microchip\xc8\v2.20\pic\sources\c90\common\mktime.c estimated size: 997

mcc_generated_files/interrupt_manager.c
		_INTERRUPT_Initialize		CODE           	F7F2	0000	5
		_INTERRUPT_InterruptManager		CODE           	0008	0000	147

mcc_generated_files/interrupt_manager.c estimated size: 152

mcc_generated_files/epwm2.c
		_EPWM2_Initialize		CODE           	F2F4	0000	33

mcc_generated_files/epwm2.c estimated size: 33

C:\Program Files\Microchip\xc8\v2.20\pic\sources\c90\common\isdigit.c
		_isdigit       		CODE           	F3B4	0000	31

C:\Program Files\Microchip\xc8\v2.20\pic\sources\c90\common\isdigit.c estimated size: 31

mcc_generated_files/tmr0.c
		_TMR0_SetInterruptHandler		CODE           	F732	0000	11
		_TMR0_StopTimer		CODE           	F83A	0000	5
		_TMR0_Reload   		CODE           	F70A	0000	11
		_TMR0_DefaultInterruptHandler		CODE           	F85A	0000	3
		_TMR0_CallBack 		CODE           	F354	0000	33
		_TMR0_StartTimer		CODE           	F806	0000	5
		_TMR0_ISR      		CODE           	F65A	0000	17
		_TMR0_Initialize		CODE           	ED9C	0000	55

mcc_generated_files/tmr0.c estimated size: 140

mcc_generated_files/pin_manager.c
		_IOCB4_DefaultInterruptHandler		CODE           	F85C	0000	3
		_PIN_MANAGER_Initialize		CODE           	EB88	0000	63
		_PIN_MANAGER_IOC		CODE           	F73C	0000	11
		_IOCB4_SetInterruptHandler		CODE           	F6CE	0000	11
		_IOCB4_ISR     		CODE           	F374	0000	33

mcc_generated_files/pin_manager.c estimated size: 121

AlarmSound.c
		_AlarmInitialize		CODE           	F5B6	0000	19
		_SoundHandler  		CODE           	CD86	0000	177
		_AlarmSoundOn  		CODE           	E7BC	0000	79
		_AlarmSoundOff 		CODE           	F63A	0000	17

AlarmSound.c estimated size: 292

C:\Program Files\Microchip\xc8\v2.20\pic\sources\c90\common\lbdiv.c
		___lbdiv       		CODE           	ECF2	0000	59

C:\Program Files\Microchip\xc8\v2.20\pic\sources\c90\common\lbdiv.c estimated size: 59

C:\Program Files\Microchip\xc8\v2.20\pic\sources\c90\common\lwmod.c
		___lwmod       		CODE           	EA84	0000	67

C:\Program Files\Microchip\xc8\v2.20\pic\sources\c90\common\lwmod.c estimated size: 67

mcc_generated_files/spi1.c
		_SPI1_ExchangeBlock		CODE           	EBC6	0000	63
		_SPI1_ReadBlock		CODE           	F1AE	0000	41
		_SPI1_Open     		CODE           	CEE2	0000	173
		_SPI1_Initialize		CODE           	F56E	0000	19
		_SPI1_Close    		CODE           	F7FE	0000	5
		_SPI1_ExchangeByte		CODE           	F61A	0000	17

mcc_generated_files/spi1.c estimated size: 318

C:\Program Files\Microchip\xc8\v2.20\pic\sources\c90\common\strlen.c
		_strlen        		CODE           	E978	0000	69

C:\Program Files\Microchip\xc8\v2.20\pic\sources\c90\common\strlen.c estimated size: 69

mcc_generated_files/adc.c
		_ADC_Initialize		CODE           	F4F2	0000	23
		_ADC_GetConversion		CODE           	EED0	0000	49

mcc_generated_files/adc.c estimated size: 72

RTC8025.c
		_RTC_setDate   		CODE           	D03A	0000	171
		_RTC_setTime   		CODE           	DBB0	0000	125
		_Bcd2Hex       		CODE           	F508	0000	23
		_RTC_setAlarmTime		CODE           	BF24	0000	235
		_init_RTC      		CODE           	B3EE	0000	299
		_IncDecTime    		CODE           	CAA8	0000	193
		_RTC_resetAlarm		CODE           	E858	0000	75
		_getWeekdays   		CODE           	C1CE	0000	223
		_Hex2Bcd       		CODE           	F314	0000	33
		_dateErrorCheck		CODE           	D0E4	0000	169
		_resetCTFG     		CODE           	F1FE	0000	39
		_RTC_read      		CODE           	EFB2	0000	45

RTC8025.c estimated size: 1630

C:\Program Files\Microchip\xc8\v2.20\pic\sources\c90\common\strchr.c
		_strchr        		CODE           	DDFE	0000	113

C:\Program Files\Microchip\xc8\v2.20\pic\sources\c90\common\strchr.c estimated size: 113

C:\Program Files\Microchip\xc8\v2.20\pic\sources\c90\common\memset.c
		_memset        		CODE           	EF5A	0000	45

C:\Program Files\Microchip\xc8\v2.20\pic\sources\c90\common\memset.c estimated size: 45

mcc_generated_files/fatfs/diskio.c
		_disk_initialize		CODE           	F10E	0000	41
		_disk_write    		CODE           	E8A2	0000	73
		_disk_status   		CODE           	EC40	0000	61
		_disk_ioctl    		CODE           	F546	0000	21
		_disk_read     		CODE           	E8EA	0000	73

mcc_generated_files/fatfs/diskio.c estimated size: 269

mcc_generated_files/fatfs/ff_time.c
		_decimalToFatTime		CODE           	BD3C	0000	249
		_get_fattime   		CODE           	E1B0	0000	95

mcc_generated_files/fatfs/ff_time.c estimated size: 344

mcc_generated_files/ext_int.c
		_INT0_SetInterruptHandler		CODE           	F6D8	0000	11
		_EXT_INT_Initialize		CODE           	F532	0000	21
		_INT0_DefaultInterruptHandler		CODE           	F85E	0000	3
		_INT0_CallBack 		CODE           	F394	0000	33
		_INT0_ISR      		CODE           	F7C0	0000	9

mcc_generated_files/ext_int.c estimated size: 77

mcc_generated_files/i2c2_master.c
		_I2C2_DO_SEND_ADR_READ		CODE           	F688	0000	15
		_I2C2_DO_RX_NACK_STOP		CODE           	F788	0000	9
		_I2C2_DO_SEND_RESTART		CODE           	F7A0	0000	9
		_I2C2_DO_TX_EMPTY		CODE           	E71E	0000	81
		_I2C2_DO_SEND_RESTART_READ		CODE           	F7B0	0000	9
		_I2C2_CallbackReturnStop		CODE           	F81A	0000	5
		_I2C2_MasterRead		CODE           	F750	0000	9
		_I2C2_DO_RX    		CODE           	DFB4	0000	109
		_I2C2_DO_TX    		CODE           	D782	0000	139
		_I2C2_SetAddressNackCallback		CODE           	F494	0000	25
		_I2C2_DO_IDLE  		CODE           	F728	0000	11
		_I2C2_MasterOpen		CODE           	F4AC	0000	25
		_I2C2_DO_RCEN  		CODE           	F71E	0000	11
		_I2C2_MasterSendTxData		CODE           	F7B8	0000	9
		_I2C2_MasterStop		CODE           	F81E	0000	5
		_I2C2_CallbackReturnReset		CODE           	F816	0000	5
		_I2C2_DO_RESET 		CODE           	F714	0000	11
		_I2C2_MasterStartRx		CODE           	F812	0000	5
		_I2C2_Poller   		CODE           	F62A	0000	17
		_I2C2_DO_RX_ACK		CODE           	F790	0000	9
		_I2C2_MasterWaitForEvent		CODE           	F7CE	0000	7
		_I2C2_MasterSendNack		CODE           	F7DA	0000	7
		_I2C2_DO_RX_NACK_RESTART		CODE           	F780	0000	9
		_I2C2_MasterDisableIrq		CODE           	F82A	0000	5
		_I2C2_MasterOperation		CODE           	EFDE	0000	45
		_I2C2_SetCallback		CODE           	DE6E	0000	111
		_I2C2_MasterEnableRestart		CODE           	F822	0000	5
		_I2C2_Open     		CODE           	DAAA	0000	133
		_I2C2_DO_ADDRESS_NACK		CODE           	EB08	0000	65
		_I2C2_SetBuffer		CODE           	F462	0000	27
		_I2C2_DO_SEND_RESTART_WRITE		CODE           	F7A8	0000	9
		_I2C2_MasterClose		CODE           	F82E	0000	5
		_I2C2_MasterWrite		CODE           	F778	0000	9
		_I2C2_Initialize		CODE           	F51E	0000	21
		_I2C2_Close    		CODE           	F2B0	0000	35
		_I2C2_MasterIsNack		CODE           	F6AE	0000	13
		_I2C2_MasterStart		CODE           	F826	0000	5
		_I2C2_DO_SEND_ADR_WRITE		CODE           	F67A	0000	15
		_I2C2_MasterClearIrq		CODE           	F832	0000	5
		_I2C2_SetDataCompleteCallback		CODE           	F4C4	0000	25
		_I2C2_DO_SEND_STOP		CODE           	F798	0000	9
		_I2C2_MasterSendAck		CODE           	F7D4	0000	7
		_I2C2_MasterFsm		CODE           	E5D4	0000	85
		_I2C2_MasterGetRxData		CODE           	F80E	0000	5
		_I2C2_MasterSetIrq		CODE           	F80A	0000	5

mcc_generated_files/i2c2_master.c estimated size: 1185

Draw.c
		_Dispseg       		CODE           	1862	0000	2675
		_cosd          		CODE           	F28E	0000	35
		_DispTime      		CODE           	7B52	0000	799
		_drawAlarmTime 		CODE           	7E70	0000	773
		_drawCalendar  		CODE           	D54A	0000	145
		_Draw3month    		CODE           	C00E	0000	227
		_drawTempHumidity		CODE           	B050	0000	313
		_DrawSmallCalendar		CODE           	781A	0000	825
		_drawTime      		CODE           	C382	0000	215
		_DrawBigCalendar		CODE           	6A62	0000	897
		_sind          		CODE           	D37C	0000	157
		_drawDateTime  		CODE           	BB48	0000	251
		_DrawAnalogClock		CODE           	009E	0000	6085

Draw.c estimated size: 13397

C:\Program Files\Microchip\xc8\v2.20\pic\sources\c90\common\doprnt.c
		_sprintf       		CODE           	51A0	0000	1171

C:\Program Files\Microchip\xc8\v2.20\pic\sources\c90\common\doprnt.c estimated size: 1171

C:\Program Files\Microchip\xc8\v2.20\pic\sources\c90\common\awmod.c
		___awmod       		CODE           	DD8E	0000	113

C:\Program Files\Microchip\xc8\v2.20\pic\sources\c90\common\awmod.c estimated size: 113

mcc_generated_files/tmr5.c
		_TMR5_ISR      		CODE           	F55A	0000	21
		_TMR5_Initialize		CODE           	EF2E	0000	45
		_TMR5_SetInterruptHandler		CODE           	F6BA	0000	11
		_TMR5_DefaultInterruptHandler		CODE           	F856	0000	3
		_TMR5_CallBack 		CODE           	F334	0000	33
		_TMR5_WriteTimer		CODE           	F3F0	0000	31
		_TMR5_StartTimer		CODE           	F7C8	0000	7

mcc_generated_files/tmr5.c estimated size: 151

mcc_generated_files/drivers/spi_master.c
		_Touch2M_open  		CODE           	F770	0000	9
		_spi_master_open		CODE           	EC7C	0000	61
		_LCD8M_open    		CODE           	F760	0000	9
		_SDSLOW_open   		CODE           	F758	0000	9
		_SDFAST_open   		CODE           	F768	0000	9

mcc_generated_files/drivers/spi_master.c estimated size: 97

shared
		i2_TMR0_Reload 		CODE           	F746	0000	11
		i2_TMR0_StopTimer		CODE           	F842	0000	5
		Dispseg@F6512  		MEDIUMCONST    	FAB9	0000	11
		_HEX           		MEDIUMCONST    	FE97	0000	18
		_tinyfont      		MEDIUMCONST    	FE1D	0000	75
		i2_AlarmSoundOff		CODE           	F66A	0000	17
		_sin_table     		MEDIUMCONST    	F867	0000	361
		_moninit       		MEDIUMCONST    	FAA3	0000	13
		i2_TMR0_StartTimer		CODE           	F84A	0000	5
		_font          		MEDIUMCONST    	FAD5	0000	841
		_dpowers       		MEDIUMCONST    	FAAF	0000	11
		_DbcTbl        		MEDIUMCONST    	FAC3	0000	11
		__initialization		CODE           	B188	0000	299
		_sdmmc_cmdtable		MEDIUMCONST    	F9CF	0000	81
		_hexpowers     		MEDIUMCONST    	FACD	0000	9
		_i2c2_fsmStateTable		MEDIUMCONST    	FA6F	0000	33
		i2_TMR2_StopTimer		CODE           	F83E	0000	5
		_ButtonName    		MEDIUMCONST    	FE67	0000	49
		_spiMaster     		MEDIUMCONST    	FA1F	0000	81
		_spi1_configuration		MEDIUMCONST    	FA8F	0000	21
		i2_TMR2_StartTimer		CODE           	F846	0000	5
		i2_AlarmSoundOn		CODE           	E80A	0000	79

shared estimated size: 2041

mcc_generated_files/eusart1.c
		_EUSART1_SetRxInterruptHandler		CODE           	F6E2	0000	11
		_EUSART1_is_rx_ready		CODE           	F64A	0000	17
		_EUSART1_Initialize		CODE           	E152	0000	95
		_EUSART1_DefaultErrorHandler		CODE           	F7EC	0000	7
		_EUSART1_SetFramingErrorHandler		CODE           	F6F6	0000	11
		_EUSART1_Read  		CODE           	EAC6	0000	67
		_EUSART1_SetOverrunErrorHandler		CODE           	F6EC	0000	11
		_EUSART1_SetErrorHandler		CODE           	F700	0000	11
		_EUSART1_Receive_ISR		CODE           	D4B2	0000	153
		_EUSART1_RxDataHandler		CODE           	F2D2	0000	35
		_EUSART1_DefaultOverrunErrorHandler		CODE           	F7E6	0000	7
		_EUSART1_get_last_status		CODE           	F7E0	0000	7
		_EUSART1_DefaultFramingErrorHandler		CODE           	F860	0000	3

mcc_generated_files/eusart1.c estimated size: 435

mcc_generated_files/mcc.c
		_OSCILLATOR_Initialize		CODE           	F580	0000	19
		_SYSTEM_Initialize		CODE           	E932	0000	71

mcc_generated_files/mcc.c estimated size: 90

mcc_generated_files/tmr3.c
		_TMR3_Initialize		CODE           	F42A	0000	29

mcc_generated_files/tmr3.c estimated size: 29

C:\Program Files\Microchip\xc8\v2.20\pic\sources\c90\common\almod.c
		___almod       		CODE           	CF8E	0000	173

C:\Program Files\Microchip\xc8\v2.20\pic\sources\c90\common\almod.c estimated size: 173

C:\Program Files\Microchip\xc8\v2.20\pic\sources\c90\common\Umul16.c
		___wmul        		CODE           	F224	0000	39

C:\Program Files\Microchip\xc8\v2.20\pic\sources\c90\common\Umul16.c estimated size: 39

C:\Program Files\Microchip\xc8\v2.20\pic\sources\c90\common\lwdiv.c
		___lwdiv       		CODE           	E6CC	0000	83

C:\Program Files\Microchip\xc8\v2.20\pic\sources\c90\common\lwdiv.c estimated size: 83

mcc_generated_files/tmr1.c
		_TMR1_Initialize		CODE           	F0BA	0000	43
		_TMR1_SetInterruptHandler		CODE           	F6C4	0000	11
		_TMR1_DefaultInterruptHandler		CODE           	F858	0000	3
		_TMR1_WriteTimer		CODE           	F446	0000	29
		_TMR1_ISR      		CODE           	EF00	0000	47

mcc_generated_files/tmr1.c estimated size: 133

mcc_generated_files/epwm1.c
		_EPWM1_LoadDutyValue		CODE           	EEA0	0000	49
		_EPWM1_Initialize		CODE           	F24A	0000	35

mcc_generated_files/epwm1.c estimated size: 84

TouchXT2046.c
		_TransCoordination		CODE           	A400	0000	477
		_GetTouchRawXY 		CODE           	C0F0	0000	223
		_GetTouchLocation		CODE           	8728	0000	705

TouchXT2046.c estimated size: 1405

mcc_generated_files/memory.c
		_DATAEE_WriteByte		CODE           	ECB8	0000	59
		_DATAEE_ReadByte		CODE           	F47C	0000	25

mcc_generated_files/memory.c estimated size: 84

C:\Program Files\Microchip\xc8\v2.20\pic\sources\c90\common\strncmp.c
		_strncmp       		CODE           	DC2C	0000	121

C:\Program Files\Microchip\xc8\v2.20\pic\sources\c90\common\strncmp.c estimated size: 121

C:\Program Files\Microchip\xc8\v2.20\pic\sources\c90\common\ctime.c
		_gmtime        		CODE           	9A32	0000	529
		_localtime     		CODE           	F1D6	0000	41
		_dylen         		CODE           	E2C8	0000	93

C:\Program Files\Microchip\xc8\v2.20\pic\sources\c90\common\ctime.c estimated size: 663

C:\Program Files\Microchip\xc8\v2.20\pic\sources\c90\common\memcpy.c
		_memcpy        		CODE           	EE08	0000	53

C:\Program Files\Microchip\xc8\v2.20\pic\sources\c90\common\memcpy.c estimated size: 53

TempHumidityAM2320.c
		_crc16         		CODE           	E628	0000	83
		_get_tempHumidity		CODE           	C2AC	0000	215

TempHumidityAM2320.c estimated size: 298

mcc_generated_files/ccp5.c
		_CCP5_Initialize		CODE           	F4DC	0000	23

mcc_generated_files/ccp5.c estimated size: 23

main.c
		_CheckCheckSum 		CODE           	AF02	0000	335
		_Timer5Handler 		CODE           	ADA6	0000	349
		_SlideSWProc   		CODE           	D418	0000	155
		_ButtonPush    		CODE           	D668	0000	143
		_main          		CODE           	6DE2	0000	887
		_ButtonCheck   		CODE           	E0EE	0000	101
		_AlarmWHandler 		CODE           	F5C8	0000	19
		_NormalProc    		CODE           	3B2A	0000	1627
		_DrawSetBox    		CODE           	8C6A	0000	633
		_RotaryHandler 		CODE           	D894	0000	137
		_GPRMCdatacheck		CODE           	89E8	0000	643
		_RTC_handler   		CODE           	F84E	0000	5
		_SettingProc   		CODE           	4C70	0000	1329
		_WriteYMD      		CODE           	D6F6	0000	141
		_TouchAdjMsg   		CODE           	CC20	0000	181
		_TouchAdjust   		CODE           	913C	0000	595

main.c estimated size: 7280

mcc_generated_files/sd_spi/sd_spi.c
		_SD_SPI_IsWriteProtected		CODE           	F7F6	0000	5
		_SD_SPI_IsMediaInitialized		CODE           	F60A	0000	17
		_SD_SPI_DelayMilliseconds		CODE           	E67A	0000	83
		_SD_SPI_IsMediaPresent		CODE           	F7FA	0000	5
		_SD_SPI_SectorWrite		CODE           	B74A	0000	259
		_SD_SPI_MediaInitialize		CODE           	3482	0000	1705
		_SD_SendCmd    		CODE           	5EFA	0000	1055
		_SD_SPI_AsyncReadTasks		CODE           	74BA	0000	865
		_SD_SPI_AsyncWriteTasks		CODE           	470C	0000	1381
		_SD_SPI_SectorRead		CODE           	B84C	0000	259

mcc_generated_files/sd_spi/sd_spi.c estimated size: 5634

C:\Program Files\Microchip\xc8\v2.20\pic\sources\c90\common\awdiv.c
		___awdiv       		CODE           	D9A2	0000	133

C:\Program Files\Microchip\xc8\v2.20\pic\sources\c90\common\awdiv.c estimated size: 133

